before deletion
below-background graphics z=[-1073741825]
cell backgrounds count=2
search highlights count=0
below-text graphics z=[-1]
cell text count=8
cursor count=1
above-text graphics z=[0, 5]
crop clip=(0.000,0.000) 19.000x38.500
full image=(-9.500,-19.000) 38.500x76.500
after deletion
below-background graphics z=[]
cell backgrounds count=2
search highlights count=0
below-text graphics z=[]
cell text count=8
cursor count=1
above-text graphics z=[]
crop clip present=false
